// Jest Snapshot v1, https://goo.gl/fbAQLP

exports[`Text field created 1`] = `
<div>
  <input
    onChange={[Function]}
    value="dsa"
  />
</div>
`;
