// Jest Snapshot v1, https://goo.gl/fbAQLP

exports[`Contact Page renders 1`] = `
.c0 {
  bottom: 0;
  width: 100%;
  height: -webkit-fit-content;
  height: -moz-fit-content;
  height: fit-content;
}

.c2 {
  font-family: Optima,Segoe,'Segoe UI',Candara,Calibri,Arial,sans-serif;
  font-size: 50px;
  font-style: normal;
  font-variant: small-caps;
  font-weight: 700;
  padding-bottom: 40px;
  color: white;
}

.c1 {
  padding: 20vh 0 20vh 0;
  font-size: 2rem;
  color: #343a40;
  margin: 0;
}

<div
  className="c0"
>
  <div
    className="c1 jumbotron jumbotron-fluid"
    style={
      Object {
        "backgroundImage": "url(DSACarousel.jpg)",
        "backgroundPosition": "center",
        "backgroundRepeat": "no-repeat",
        "backgroundSize": "cover",
      }
    }
  >
    <div
      className="container"
      style={
        Object {
          "backgroundColor": "rgba(0, 0, 0, 0.5)",
          "padding": "20px 20px 20px 20px",
        }
      }
    >
      <div
        className="c2"
      >
        Mailing List
      </div>
      <p
        style={
          Object {
            "color": "white",
          }
        }
      >
        Join our mailing list to stay up to date!
      </p>
      <a
        className="btn btn-light btn-lg"
        href="http://eepurl.com/gRikBb"
        onClick={[Function]}
        onKeyDown={[Function]}
      >
        Subscribe
      </a>
    </div>
  </div>
</div>
`;
